﻿
> build
> vite build

[36mvite v7.3.1 [32mbuilding client environment for production...[36m[39m
node.exe : DEPRECATION 
WARNING [import]: Sass 
@import rules are 
deprecated and will be 
removed in Dart Sass 
3.0.0.
In Zeile:1 Zeichen:1
+ & "C:\Program 
Files\nodejs/node.exe" "C:
\Users\aabughazal\AppData\
Roa ...
+ ~~~~~~~~~~~~~~~~~~~~~~~~
~~~~~~~~~~~~~~~~~~~~~~~~~~
~~~~~~~~~~~~~~~~~~~
    + CategoryInfo        
      : NotSpecified: (D  
  EPRECATION WAR...art    
 Sass 3.0.0.:String) [    
], RemoteException
    + FullyQualifiedError 
   Id : NativeCommandErr  
  or
 

More info and automated 
migrator: https://sass-lan
g.com/d/import

  ÔòÀ
8 Ôöé @import 'bootstrap/s
css/bootstrap';
  Ôöé         
^^^^^^^^^^^^^^^^^^^^^^^^^^
  ÔòÁ
    
resources\sass\app.scss 
8:9  root stylesheet

transforming...
DEPRECATION WARNING 
[import]: Sass @import 
rules are deprecated and 
will be removed in Dart 
Sass 3.0.0.

More info and automated 
migrator: https://sass-lan
g.com/d/import

  ÔòÀ
1 Ôöé @import 
"mixins/banner";
  Ôöé         
^^^^^^^^^^^^^^^
  ÔòÁ
    node_modules\bootstrap
\scss\bootstrap.scss 1:9  
@import
    
resources\sass\app.scss 
8:9                     
root stylesheet

DEPRECATION WARNING 
[import]: Sass @import 
rules are deprecated and 
will be removed in Dart 
Sass 3.0.0.

More info and automated 
migrator: https://sass-lan
g.com/d/import

  ÔòÀ
7 Ôöé @import "functions";
  Ôöé         ^^^^^^^^^^^
  ÔòÁ
    node_modules\bootstrap
\scss\bootstrap.scss 7:9  
@import
    
resources\sass\app.scss 
8:9                     
root stylesheet

DEPRECATION WARNING 
[import]: Sass @import 
rules are deprecated and 
will be removed in Dart 
Sass 3.0.0.

More info and automated 
migrator: https://sass-lan
g.com/d/import

  ÔòÀ
8 Ôöé @import "variables";
  Ôöé         ^^^^^^^^^^^
  ÔòÁ
    node_modules\bootstrap
\scss\bootstrap.scss 8:9  
@import
    
resources\sass\app.scss 
8:9                     
root stylesheet

DEPRECATION WARNING 
[import]: Sass @import 
rules are deprecated and 
will be removed in Dart 
Sass 3.0.0.

More info and automated 
migrator: https://sass-lan
g.com/d/import

  ÔòÀ
9 Ôöé @import 
"variables-dark";
  Ôöé         
^^^^^^^^^^^^^^^^
  ÔòÁ
    node_modules\bootstrap
\scss\bootstrap.scss 9:9  
@import
    
resources\sass\app.scss 
8:9                     
root stylesheet

DEPRECATION WARNING 
[if-function]: The Sass 
if() syntax is deprecated 
in favor of the modern 
CSS syntax.

Suggestion: if(sass($arg 
== "$value"): $value; 
else: $arg)

More info: https://sass-la
ng.com/d/if-function

   ÔòÀ
58 Ôöé       $_args: 
append($_args, if($arg == 
"$key", $key, if($arg == 
"$value", $value, $arg)));
   Ôöé                    
                          
         ^^^^^^^^^^^^^^^^^
^^^^^^^^^^^^^^^^^
   ÔòÁ
    node_modules\bootstrap
\scss\_functions.scss 
58:55  @import
    node_modules\bootstrap
\scss\bootstrap.scss 7:9  
   @import
    
resources\sass\app.scss 
8:9                       
 root stylesheet

DEPRECATION WARNING 
[if-function]: The Sass 
if() syntax is deprecated 
in favor of the modern 
CSS syntax.

Suggestion: if(sass($arg 
== "$key"): $key; else: 
if($arg == "$value", 
$value, $arg))

More info: https://sass-la
ng.com/d/if-function

   ÔòÀ
58 Ôöé       $_args: 
append($_args, if($arg == 
"$key", $key, if($arg == 
"$value", $value, $arg)));
   Ôöé                    
          ^^^^^^^^^^^^^^^^
^^^^^^^^^^^^^^^^^^^^^^^^^^
^^^^^^^^^^^^^^^^^^
   ÔòÁ
    node_modules\bootstrap
\scss\_functions.scss 
58:30  @import
    node_modules\bootstrap
\scss\bootstrap.scss 7:9  
   @import
    
resources\sass\app.scss 
8:9                       
 root stylesheet

DEPRECATION WARNING 
[if-function]: The Sass 
if() syntax is deprecated 
in favor of the modern 
CSS syntax.

Suggestion: if(sass($l1 > 
$l2): divide($l1 + 0.05, 
$l2 + 0.05); else: 
divide($l2 + 0.05, $l1 + 
0.05))

More info: https://sass-la
ng.com/d/if-function

    ÔòÀ
177 Ôöé   @return if($l1 
> $l2, divide($l1 + .05, 
$l2 + .05), divide($l2 + 
.05, $l1 + .05));
    Ôöé           ^^^^^^^^
^^^^^^^^^^^^^^^^^^^^^^^^^^
^^^^^^^^^^^^^^^^^^^^^^^^^^
^^^^^^^^^^^^^
    ÔòÁ
    node_modules\bootstrap
\scss\_functions.scss 
177:11  @import
    node_modules\bootstrap
\scss\bootstrap.scss 7:9  
    @import
    
resources\sass\app.scss 
8:9                       
  root stylesheet

DEPRECATION WARNING 
[if-function]: The Sass 
if() syntax is deprecated 
in favor of the modern 
CSS syntax.

Suggestion: 
if(sass(divide($value, 
255) < 0.04045): 
divide(divide($value, 
255), 12.92); else: 
nth($_luminance-list, 
$value + 1))

More info: https://sass-la
ng.com/d/if-function

    ÔòÀ
191 Ôöé     $value: 
if(divide($value, 255) < 
.04045, 
divide(divide($value, 
255), 12.92), 
nth($_luminance-list, 
$value + 1));
    Ôöé             ^^^^^^
^^^^^^^^^^^^^^^^^^^^^^^^^^
^^^^^^^^^^^^^^^^^^^^^^^^^^
^^^^^^^^^^^^^^^^^^^^^^^^^^
^^^^^^^^^^^^^^^^^^^
    ÔòÁ
    node_modules\bootstrap
\scss\_functions.scss 
191:13  @import
    node_modules\bootstrap
\scss\bootstrap.scss 7:9  
    @import
    
resources\sass\app.scss 
8:9                       
  root stylesheet

DEPRECATION WARNING 
[if-function]: The Sass 
if() syntax is deprecated 
in favor of the modern 
CSS syntax.

Suggestion: 
if(sass($weight > 0): 
shade-color($color, 
$weight); else: 
tint-color($color, 
-$weight))

More info: https://sass-la
ng.com/d/if-function

    ÔòÀ
217 Ôöé   @return 
if($weight > 0, 
shade-color($color, 
$weight), 
tint-color($color, 
-$weight));
    Ôöé           ^^^^^^^^
^^^^^^^^^^^^^^^^^^^^^^^^^^
^^^^^^^^^^^^^^^^^^^^^^^^^^
^^^^^^^^^^^^^^^
    ÔòÁ
    node_modules\bootstrap
\scss\_functions.scss 
217:11  @import
    node_modules\bootstrap
\scss\bootstrap.scss 7:9  
    @import
    
resources\sass\app.scss 
8:9                       
  root stylesheet

DEPRECATION WARNING 
[global-builtin]: Global 
built-in functions are 
deprecated and will be 
removed in Dart Sass 
3.0.0.
Use color.mix instead.

More info and automated 
migrator: https://sass-lan
g.com/d/import

    ÔòÀ
207 Ôöé   @return 
mix(white, $color, 
$weight);
    Ôöé           ^^^^^^^^
^^^^^^^^^^^^^^^^^^^
    ÔòÁ
    node_modules\bootstrap
\scss\_functions.scss 
207:11  tint-color()
    node_modules\bootstrap
\scss\_variables.scss 
79:12   @import
    node_modules\bootstrap
\scss\bootstrap.scss 8:9  
    @import
    
resources\sass\app.scss 
8:9                       
  root stylesheet

DEPRECATION WARNING 
[global-builtin]: Global 
built-in functions are 
deprecated and will be 
removed in Dart Sass 
3.0.0.
Use color.mix instead.

More info and automated 
migrator: https://sass-lan
g.com/d/import

    ÔòÀ
212 Ôöé   @return 
mix(black, $color, 
$weight);
    Ôöé           ^^^^^^^^
^^^^^^^^^^^^^^^^^^^
    ÔòÁ
    node_modules\bootstrap
\scss\_functions.scss 
212:11  shade-color()
    node_modules\bootstrap
\scss\_variables.scss 
84:12   @import
    node_modules\bootstrap
\scss\bootstrap.scss 8:9  
    @import
    
resources\sass\app.scss 
8:9                       
  root stylesheet

DEPRECATION WARNING 
[global-builtin]: Global 
built-in functions are 
deprecated and will be 
removed in Dart Sass 
3.0.0.
Use color.mix instead.

More info and automated 
migrator: https://sass-lan
g.com/d/import

    ÔòÀ
342 Ôöé $light-bg-subtle: 
        mix($gray-100, 
$white) !default;
    Ôöé                   
        
^^^^^^^^^^^^^^^^^^^^^^
    ÔòÁ
    node_modules\bootstrap
\scss\_variables.scss 
342:27  @import
    node_modules\bootstrap
\scss\bootstrap.scss 8:9  
    @import
    
resources\sass\app.scss 
8:9                       
  root stylesheet

DEPRECATION WARNING 
[global-builtin]: Global 
built-in functions are 
deprecated and will be 
removed in Dart Sass 
3.0.0.
Use math.unit instead.

More info and automated 
migrator: https://sass-lan
g.com/d/import

   ÔòÀ
11 Ôöé     @if $prev-num 
== null or unit($num) == 
"%" or unit($prev-num) == 
"%" {
   Ôöé                    
          ^^^^^^^^^^
   ÔòÁ
    node_modules\bootstrap
\scss\_functions.scss 
11:30  -assert-ascending()
    node_modules\bootstrap
\scss\_variables.scss 
494:1  @import
    node_modules\bootstrap
\scss\bootstrap.scss 8:9  
   @import
    
resources\sass\app.scss 
8:9                       
 root stylesheet

DEPRECATION WARNING 
[global-builtin]: Global 
built-in functions are 
deprecated and will be 
removed in Dart Sass 
3.0.0.
Use math.unit instead.

More info and automated 
migrator: https://sass-lan
g.com/d/import

   ÔòÀ
11 Ôöé     @if $prev-num 
== null or unit($num) == 
"%" or unit($prev-num) == 
"%" {
   Ôöé                    
                          
     ^^^^^^^^^^^^^^^
   ÔòÁ
    node_modules\bootstrap
\scss\_functions.scss 
11:51  -assert-ascending()
    node_modules\bootstrap
\scss\_variables.scss 
494:1  @import
    node_modules\bootstrap
\scss\bootstrap.scss 8:9  
   @import
    
resources\sass\app.scss 
8:9                       
 root stylesheet

DEPRECATION WARNING 
[color-functions]: red() 
is deprecated. Suggestion:

color.channel($color, 
"red", $space: rgb)

More info: https://sass-la
ng.com/d/color-functions

    ÔòÀ
185 Ôöé     "r": 
red($color),
    Ôöé          
^^^^^^^^^^^
    ÔòÁ
    node_modules\bootstrap
\scss\_functions.scss 
185:10  luminance()
    node_modules\bootstrap
\scss\_functions.scss 
174:8   contrast-ratio()
    node_modules\bootstrap
\scss\_functions.scss 
159:22  color-contrast()
    node_modules\bootstrap
\scss\_variables.scss 
846:42  @import
    node_modules\bootstrap
\scss\bootstrap.scss 8:9  
    @import
    
resources\sass\app.scss 
8:9                       
  root stylesheet

DEPRECATION WARNING 
[color-functions]: 
green() is deprecated. 
Suggestion:

color.channel($color, 
"green", $space: rgb)

More info: https://sass-la
ng.com/d/color-functions

    ÔòÀ
186 Ôöé     "g": 
green($color),
    Ôöé          
^^^^^^^^^^^^^
    ÔòÁ
    node_modules\bootstrap
\scss\_functions.scss 
186:10  luminance()
    node_modules\bootstrap
\scss\_functions.scss 
174:8   contrast-ratio()
    node_modules\bootstrap
\scss\_functions.scss 
159:22  color-contrast()
    node_modules\bootstrap
\scss\_variables.scss 
846:42  @import
    node_modules\bootstrap
\scss\bootstrap.scss 8:9  
    @import
    
resources\sass\app.scss 
8:9                       
  root stylesheet

DEPRECATION WARNING 
[color-functions]: blue() 
is deprecated. Suggestion:

color.channel($color, 
"blue", $space: rgb)

More info: https://sass-la
ng.com/d/color-functions

    ÔòÀ
187 Ôöé     "b": 
blue($color)
    Ôöé          
^^^^^^^^^^^^
    ÔòÁ
    node_modules\bootstrap
\scss\_functions.scss 
187:10  luminance()
    node_modules\bootstrap
\scss\_functions.scss 
174:8   contrast-ratio()
    node_modules\bootstrap
\scss\_functions.scss 
159:22  color-contrast()
    node_modules\bootstrap
\scss\_variables.scss 
846:42  @import
    node_modules\bootstrap
\scss\bootstrap.scss 8:9  
    @import
    
resources\sass\app.scss 
8:9                       
  root stylesheet

DEPRECATION WARNING 
[color-functions]: red() 
is deprecated. Suggestion:

color.channel($color, 
"red", $space: rgb)

More info: https://sass-la
ng.com/d/color-functions

   ÔòÀ
37 Ôöé   @return 
red($value), 
green($value), 
blue($value);
   Ôöé           
^^^^^^^^^^^
   ÔòÁ
    node_modules\bootstrap
\scss\_functions.scss 
37:11   to-rgb()
    node_modules\bootstrap
\scss\_variables.scss 
846:31  @import
    node_modules\bootstrap
\scss\bootstrap.scss 8:9  
    @import
    
resources\sass\app.scss 
8:9                       
  root stylesheet

DEPRECATION WARNING 
[color-functions]: 
green() is deprecated. 
Suggestion:

color.channel($color, 
"green", $space: rgb)

More info: https://sass-la
ng.com/d/color-functions

   ÔòÀ
37 Ôöé   @return 
red($value), 
green($value), 
blue($value);
   Ôöé                    
    ^^^^^^^^^^^^^
   ÔòÁ
    node_modules\bootstrap
\scss\_functions.scss 
37:24   to-rgb()
    node_modules\bootstrap
\scss\_variables.scss 
846:31  @import
    node_modules\bootstrap
\scss\bootstrap.scss 8:9  
    @import
    
resources\sass\app.scss 
8:9                       
  root stylesheet

WARNING: 311 repetitive 
deprecation warnings 
omitted.
Run in verbose mode to 
see all warnings.

[32mÔ£ô[39m 111 modules transformed.
[31mÔ£ù[39m Build 
failed in 3.07s
[31merror during build:
[31m[vite:css] Failed to 
load PostCSS config 
(searchPath: E:/testIhk/ih
kProjekt/ihkProjekt): 
[Error] Loading PostCSS 
Plugin failed: Cannot 
find module 'tailwindcss'
Require stack:
- E:\testIhk\ihkProjekt\ih
kProjekt\postcss.config.js

(@E:\testIhk\ihkProjekt\ih
kProjekt\postcss.config.js
)
Error: Loading PostCSS 
Plugin failed: Cannot 
find module 'tailwindcss'
Require stack:
- E:\testIhk\ihkProjekt\ih
kProjekt\postcss.config.js

(@E:\testIhk\ihkProjekt\ih
kProjekt\postcss.config.js
)
    at load (file:///E:/te
stIhk/ihkProjekt/ihkProjek
t/node_modules/vite/dist/n
ode/chunks/config.js:7660:
10)
    at async Promise.all 
(index 0)
    at async plugins (file
:///E:/testIhk/ihkProjekt/
ihkProjekt/node_modules/vi
te/dist/node/chunks/config
.js:7682:11)
    at async 
processResult (file:///E:/
testIhk/ihkProjekt/ihkProj
ekt/node_modules/vite/dist
/node/chunks/config.js:772
1:13)[31m
file: [36mE:/testIhk/ihkP
rojekt/ihkProjekt/resource
s/sass/app.scss[31m
[39m
